// Jest Snapshot v1, https://goo.gl/fbAQLP

exports[`IconButton Renders correctly. 1`] = `
<styled.button
  onClick={null}
>
  <styled.span
    className="material-icons"
  >
    delete
  </styled.span>
</styled.button>
`;
