// Jest Snapshot v1, https://goo.gl/fbAQLP

exports[`Dialog Renders correctly. 1`] = `
<styled.div>
  <styled.article />
</styled.div>
`;
