// Jest Snapshot v1, https://goo.gl/fbAQLP

exports[`Toolbar Renders correctly. 1`] = `
<styled.header>
  <styled.h1>
    Title
  </styled.h1>
  <styled.p>
    Score
  </styled.p>
  <styled.div />
</styled.header>
`;
