// Jest Snapshot v1, https://goo.gl/fbAQLP

exports[`Board Renders correctly. 1`] = `
<styled.main>
  <styled.div />
</styled.main>
`;
