// Jest Snapshot v1, https://goo.gl/fbAQLP

exports[`Loader Renders correctly. 1`] = `<styled.div />`;
